<html>
<body>
<pre>
<h1>µVision Build Log</h1>
<h2>Project:</h2>
D:\Aircraft(11.28) Modified I2C1 Interrup OK\Aircraft.uvproj
Project File Date:  05/22/2016

<h2>Output:</h2>
Rebuild target 'Aircraft'
compiling System.c...
assembling startup_stm32f051.s...
compiling main.c...
compiling SPI.c...
compiling ADC.c...
compiling MPU6050.c...
compiling RF_XN297.c...
compiling FBM320.c...
compiling I2CInquire.c...
linking...
Program Size: Code=14268 RO-data=588 RW-data=92 ZI-data=1684  
".\Output\Aircraft.axf" - 0 Error(s), 0 Warning(s).
Load "D:\\Aircraft(11.28) Modified I2C1 Interrup OK\\Output\\Aircraft.axf" 
Erase Done.
Programming Done.
Verify OK.
</pre>
</body>
</html>
