ARM Linker, 5.03 [Build 76] [MDK-ARM Standard]

==============================================================================

Section Cross References

    system.o(.text) refers to adc.o(.text) for ADC_MsIRQHandler
    system.o(.text) refers to system.o(.data) for SYS_WatchdogFlags
    startup_stm32f051.o(STACK) refers (Special) to heapauxi.o(.text) for __use_two_region_memory
    startup_stm32f051.o(HEAP) refers (Special) to heapauxi.o(.text) for __use_two_region_memory
    startup_stm32f051.o(RESET) refers (Special) to heapauxi.o(.text) for __use_two_region_memory
    startup_stm32f051.o(RESET) refers to startup_stm32f051.o(STACK) for __initial_sp
    startup_stm32f051.o(RESET) refers to startup_stm32f051.o(.text) for Reset_Handler
    startup_stm32f051.o(RESET) refers to rf_xn297.o(.text) for EXTI4_15_IRQHandler
    startup_stm32f051.o(RESET) refers to system.o(.text) for TIM16_IRQHandler
    startup_stm32f051.o(.text) refers (Special) to heapauxi.o(.text) for __use_two_region_memory
    startup_stm32f051.o(.text) refers to system.o(.text) for SystemInit
    startup_stm32f051.o(.text) refers to __main.o(!!!main) for __main
    startup_stm32f051.o(.text) refers to startup_stm32f051.o(HEAP) for Heap_Mem
    startup_stm32f051.o(.text) refers to startup_stm32f051.o(STACK) for Stack_Mem
    main.o(.text) refers to system.o(.text) for SYS_Init
    main.o(.text) refers to adc.o(.text) for ADC_Init
    main.o(.text) refers to i2cinquire.o(.text) for I2C_Init
    main.o(.text) refers to mpu6050.o(.text) for Read_MPU6050_ADDR
    main.o(.text) refers to spi.o(.text) for SPI_Init
    main.o(.text) refers to rf_xn297.o(.text) for XN297_RegInit
    main.o(.text) refers to main.o(.data) for MPU6050_Address
    adc.o(.text) refers to aeabi_sdiv.o(.text) for __aeabi_uidivmod
    adc.o(.text) refers to adc.o(.data) for ADC_Initialized
    adc.o(.text) refers to adc.o(.bss) for ADC_Samples
    adc.o(.text) refers to system.o(.data) for SYS_FactoryConfig
    mpu6050.o(.text) refers to faddsub.o(x$fpl$fsub) for __aeabi_fsub
    mpu6050.o(.text) refers to fdiv.o(.text) for __aeabi_fdiv
    mpu6050.o(.text) refers to f2d.o(.text) for __aeabi_f2d
    mpu6050.o(.text) refers to pow.o(i.pow) for pow
    mpu6050.o(.text) refers to d2f.o(.text) for __aeabi_d2f
    mpu6050.o(.text) refers to dmul.o(.text) for __aeabi_dmul
    mpu6050.o(.text) refers to fmul.o(x$fpl$fmul) for __aeabi_fmul
    mpu6050.o(.text) refers to i2cinquire.o(.text) for I2C_Read
    mpu6050.o(.text) refers to fflti.o(.text) for __aeabi_i2f
    mpu6050.o(.text) refers to ffixui.o(.text) for __aeabi_f2uiz
    mpu6050.o(.text) refers to mpu6050.o(.data) for MPU6050_Status
    mpu6050.o(.text) refers to dflti.o(.text) for __aeabi_ui2d
    mpu6050.o(.text) refers to ddiv.o(.text) for __aeabi_ddiv
    mpu6050.o(.text) refers to daddsub.o(.text) for __aeabi_dadd
    mpu6050.o(.text) refers to system.o(.text) for SYS_DelayUs
    rf_xn297.o(.text) refers to spi.o(.text) for SPI_TransmitOnly
    rf_xn297.o(.text) refers to system.o(.text) for SYS_DelayUs
    rf_xn297.o(.text) refers to rf_xn297.o(.constdata) for XN297_RegValueInitTable
    rf_xn297.o(.text) refers to rf_xn297.o(.data) for XN297_Initialized
    rf_xn297.o(.text) refers to rf_xn297.o(.bss) for XN297Receive_DataBuffer
    fbm320.o(.text) refers to i2cinquire.o(.text) for I2C_Read
    fbm320.o(.text) refers to system.o(.text) for SYS_DelayUs
    i2cinquire.o(.text) refers to rt_memcpy.o(.text) for __aeabi_memcpy
    i2cinquire.o(.text) refers to i2cinquire.o(.data) for I2C_Initialized
    rt_memcpy.o(.text) refers to rt_memcpy.o(.emb_text) for __aeabi_memcpy4
    __main.o(!!!main) refers to rtentry.o(.ARM.Collect$$rtentry$$00000000) for __rt_entry
    d2f.o(.text) refers (Special) to usenofp.o(x$fpl$usenofp) for __I$use$fp
    daddsub.o(.text) refers (Special) to usenofp.o(x$fpl$usenofp) for __I$use$fp
    ddiv.o(.text) refers (Special) to usenofp.o(x$fpl$usenofp) for __I$use$fp
    ddiv.o(.text) refers to ddiv.o(.constdata) for .constdata
    ddiv.o(.constdata) refers (Special) to usenofp.o(x$fpl$usenofp) for __I$use$fp
    dflti.o(.text) refers (Special) to usenofp.o(x$fpl$usenofp) for __I$use$fp
    dmul.o(.text) refers (Special) to usenofp.o(x$fpl$usenofp) for __I$use$fp
    f2d.o(.text) refers (Special) to usenofp.o(x$fpl$usenofp) for __I$use$fp
    faddsub.o(x$fpl$fadd) refers (Special) to usenofp.o(x$fpl$usenofp) for __I$use$fp
    faddsub.o(x$fpl$fadd) refers to faddsub.o(x$fpl$fsub) for _fsub1
    faddsub.o(x$fpl$frsb) refers (Special) to usenofp.o(x$fpl$usenofp) for __I$use$fp
    faddsub.o(x$fpl$frsb) refers to faddsub.o(x$fpl$fsub) for _fsub1
    faddsub.o(x$fpl$frsb) refers to faddsub.o(x$fpl$fadd) for _fadd1
    faddsub.o(x$fpl$fsub) refers (Special) to usenofp.o(x$fpl$usenofp) for __I$use$fp
    faddsub.o(x$fpl$fsub) refers to faddsub.o(x$fpl$fadd) for _fadd1
    fdiv.o(.text) refers (Special) to usenofp.o(x$fpl$usenofp) for __I$use$fp
    fdiv.o(.text) refers to fdiv.o(.constdata) for .constdata
    fdiv.o(.constdata) refers (Special) to usenofp.o(x$fpl$usenofp) for __I$use$fp
    ffixui.o(.text) refers (Special) to usenofp.o(x$fpl$usenofp) for __I$use$fp
    fflti.o(.text) refers (Special) to usenofp.o(x$fpl$usenofp) for __I$use$fp
    fmul.o(x$fpl$fmul) refers (Special) to usenofp.o(x$fpl$usenofp) for __I$use$fp
    pow.o(i.__softfp_pow) refers (Special) to usenofp.o(x$fpl$usenofp) for __I$use$fp
    pow.o(i.__softfp_pow) refers to pow.o(i.pow) for pow
    pow.o(i.pow) refers (Special) to usenofp.o(x$fpl$usenofp) for __I$use$fp
    pow.o(i.pow) refers to daddsub.o(.text) for __aeabi_dadd
    pow.o(i.pow) refers to _rserrno.o(.text) for __set_errno
    pow.o(i.pow) refers to ddiv.o(.text) for __aeabi_ddiv
    pow.o(i.pow) refers to sqrt.o(i.sqrt) for sqrt
    pow.o(i.pow) refers to dscalbn.o(.text) for __ARM_scalbn
    pow.o(i.pow) refers to dunder.o(i.__mathlib_dbl_underflow) for __mathlib_dbl_underflow
    pow.o(i.pow) refers to dmul.o(.text) for __aeabi_dmul
    pow.o(i.pow) refers to qnan.o(.constdata) for __mathlib_zero
    pow.o(i.pow) refers to pow.o(.constdata) for .constdata
    pow.o(i.pow) refers to poly.o(i.__kernel_poly) for __kernel_poly
    pow.o(i.pow) refers to dflti.o(.text) for __aeabi_i2d
    pow.o(i.pow) refers to drlef.o(x$fpl$drleqf) for __aeabi_cdrcmple
    pow.o(i.pow) refers to fpclassify.o(i.__ARM_fpclassify) for __ARM_fpclassify
    pow.o(.constdata) refers (Special) to usenofp.o(x$fpl$usenofp) for __I$use$fp
    pow_x.o(i.____softfp_pow$lsc) refers (Special) to usenofp.o(x$fpl$usenofp) for __I$use$fp
    pow_x.o(i.____softfp_pow$lsc) refers to pow_x.o(i.__pow$lsc) for __pow$lsc
    pow_x.o(i.__pow$lsc) refers (Special) to usenofp.o(x$fpl$usenofp) for __I$use$fp
    pow_x.o(i.__pow$lsc) refers to daddsub.o(.text) for __aeabi_dadd
    pow_x.o(i.__pow$lsc) refers to _rserrno.o(.text) for __set_errno
    pow_x.o(i.__pow$lsc) refers to ddiv.o(.text) for __aeabi_ddiv
    pow_x.o(i.__pow$lsc) refers to sqrt.o(i.sqrt) for sqrt
    pow_x.o(i.__pow$lsc) refers to dflti.o(.text) for __aeabi_i2d
    pow_x.o(i.__pow$lsc) refers to dscalbn.o(.text) for __ARM_scalbn
    pow_x.o(i.__pow$lsc) refers to dmul.o(.text) for __aeabi_dmul
    pow_x.o(i.__pow$lsc) refers to qnan.o(.constdata) for __mathlib_zero
    pow_x.o(i.__pow$lsc) refers to poly.o(i.__kernel_poly) for __kernel_poly
    pow_x.o(i.__pow$lsc) refers to drlef.o(x$fpl$drleqf) for __aeabi_cdrcmple
    pow_x.o(i.__pow$lsc) refers to pow_x.o(.constdata) for .constdata
    pow_x.o(.constdata) refers (Special) to usenofp.o(x$fpl$usenofp) for __I$use$fp
    rtentry.o(.ARM.Collect$$rtentry$$00000000) refers (Special) to rtentry2.o(.ARM.Collect$$rtentry$$0000000A) for __rt_entry_li
    rtentry.o(.ARM.Collect$$rtentry$$00000000) refers (Special) to rtentry2.o(.ARM.Collect$$rtentry$$0000000D) for __rt_entry_main
    rtentry.o(.ARM.Collect$$rtentry$$00000000) refers (Special) to rtentry2.o(.ARM.Collect$$rtentry$$0000000C) for __rt_entry_postli_1
    rtentry.o(.ARM.Collect$$rtentry$$00000000) refers (Special) to rtentry2.o(.ARM.Collect$$rtentry$$00000009) for __rt_entry_postsh_1
    rtentry.o(.ARM.Collect$$rtentry$$00000000) refers (Special) to rtentry2.o(.ARM.Collect$$rtentry$$00000002) for __rt_entry_presh_1
    rtentry.o(.ARM.Collect$$rtentry$$00000000) refers (Special) to rtentry4.o(.ARM.Collect$$rtentry$$00000004) for __rt_entry_sh
    aeabi_idiv0_sigfpe.o(.text) refers to rt_div0.o(.text) for __rt_div0
    _rserrno.o(.text) refers to rt_errno_addr_intlibspace.o(.text) for __aeabi_errno_addr
    drlef.o(x$fpl$drleqf) refers (Special) to usenofp.o(x$fpl$usenofp) for __I$use$fp
    drlef.o(x$fpl$drleqf) refers to dcmpin.o(.text) for __fpl_dcmp_InfNaN
    dscalbn.o(.text) refers (Special) to usenofp.o(x$fpl$usenofp) for __I$use$fp
    dunder.o(i.__mathlib_dbl_underflow) refers to dscalbn.o(.text) for __ARM_scalbn
    fpclassify.o(i.__ARM_fpclassify) refers (Special) to usenofp.o(x$fpl$usenofp) for __I$use$fp
    poly.o(i.__kernel_poly) refers (Special) to usenofp.o(x$fpl$usenofp) for __I$use$fp
    poly.o(i.__kernel_poly) refers to dmul.o(.text) for __aeabi_dmul
    poly.o(i.__kernel_poly) refers to daddsub.o(.text) for __aeabi_dadd
    qnan.o(.constdata) refers (Special) to usenofp.o(x$fpl$usenofp) for __I$use$fp
    sqrt.o(i.__softfp_sqrt) refers (Special) to usenofp.o(x$fpl$usenofp) for __I$use$fp
    sqrt.o(i.__softfp_sqrt) refers to dsqrt.o(.text) for _dsqrt
    sqrt.o(i.__softfp_sqrt) refers to _rserrno.o(.text) for __set_errno
    sqrt.o(i.sqrt) refers (Special) to usenofp.o(x$fpl$usenofp) for __I$use$fp
    sqrt.o(i.sqrt) refers to dsqrt.o(.text) for _dsqrt
    sqrt.o(i.sqrt) refers to _rserrno.o(.text) for __set_errno
    sqrt_x.o(i.____softfp_sqrt$lsc) refers (Special) to usenofp.o(x$fpl$usenofp) for __I$use$fp
    sqrt_x.o(i.____softfp_sqrt$lsc) refers to dlef.o(x$fpl$dleqf) for __aeabi_cdcmple
    sqrt_x.o(i.____softfp_sqrt$lsc) refers to _rserrno.o(.text) for __set_errno
    sqrt_x.o(i.____softfp_sqrt$lsc) refers to dsqrt.o(.text) for _dsqrt
    sqrt_x.o(i.__sqrt$lsc) refers (Special) to usenofp.o(x$fpl$usenofp) for __I$use$fp
    sqrt_x.o(i.__sqrt$lsc) refers to dlef.o(x$fpl$dleqf) for __aeabi_cdcmple
    sqrt_x.o(i.__sqrt$lsc) refers to _rserrno.o(.text) for __set_errno
    sqrt_x.o(i.__sqrt$lsc) refers to dsqrt.o(.text) for _dsqrt
    rtentry2.o(.ARM.Collect$$rtentry$$00000008) refers to boardinit2.o(.text) for _platform_post_stackheap_init
    rtentry2.o(.ARM.Collect$$rtentry$$0000000A) refers to libinit.o(.ARM.Collect$$libinit$$00000000) for __rt_lib_init
    rtentry2.o(.ARM.Collect$$rtentry$$0000000B) refers to boardinit3.o(.text) for _platform_post_lib_init
    rtentry2.o(.ARM.Collect$$rtentry$$0000000D) refers to main.o(.text) for main
    rtentry2.o(.ARM.Collect$$rtentry$$0000000D) refers to exit.o(.text) for exit
    rtentry2.o(.ARM.exidx) refers to rtentry2.o(.ARM.Collect$$rtentry$$00000001) for .ARM.Collect$$rtentry$$00000001
    rtentry2.o(.ARM.exidx) refers to rtentry2.o(.ARM.Collect$$rtentry$$00000008) for .ARM.Collect$$rtentry$$00000008
    rtentry2.o(.ARM.exidx) refers to rtentry2.o(.ARM.Collect$$rtentry$$0000000A) for .ARM.Collect$$rtentry$$0000000A
    rtentry2.o(.ARM.exidx) refers to rtentry2.o(.ARM.Collect$$rtentry$$0000000B) for .ARM.Collect$$rtentry$$0000000B
    rtentry2.o(.ARM.exidx) refers to rtentry2.o(.ARM.Collect$$rtentry$$0000000D) for .ARM.Collect$$rtentry$$0000000D
    rtentry4.o(.ARM.Collect$$rtentry$$00000004) refers to sys_stackheap_outer.o(.text) for __user_setup_stackheap
    rtentry4.o(.ARM.exidx) refers to rtentry4.o(.ARM.Collect$$rtentry$$00000004) for .ARM.Collect$$rtentry$$00000004
    rt_div0.o(.text) refers to defsig_fpe_outer.o(.text) for __rt_SIGFPE
    rt_errno_addr.o(.text) refers to rt_errno_addr.o(.bss) for __aeabi_errno_addr_data
    rt_errno_addr_intlibspace.o(.text) refers to libspace.o(.bss) for __libspace_start
    dcmpin.o(.text) refers (Special) to usenofp.o(x$fpl$usenofp) for __I$use$fp
    dcmpin.o(.text) refers to cmpret.o(.text) for __fpl_cmpreturn
    dcmpin.o(.text) refers to dnan2.o(.text) for __fpl_dcheck_NaN2
    dlef.o(x$fpl$dleqf) refers (Special) to usenofp.o(x$fpl$usenofp) for __I$use$fp
    dlef.o(x$fpl$dleqf) refers to dcmpin.o(.text) for __fpl_dcmp_InfNaN
    dsqrt.o(.text) refers (Special) to usenofp.o(x$fpl$usenofp) for __I$use$fp
    libspace.o(.text) refers to libspace.o(.bss) for __libspace_start
    sys_stackheap_outer.o(.text) refers to libspace.o(.text) for __user_perproc_libspace
    sys_stackheap_outer.o(.text) refers to startup_stm32f051.o(.text) for __user_initial_stackheap
    sys_stackheap_outer.o(__vectab_stack_and_reset_area) refers to tempstk.o(.text) for __temporary_stack_top
    sys_stackheap_outer.o(__vectab_stack_and_reset_area) refers to __main.o(!!!main) for __main
    exit.o(.text) refers to rtexit.o(.ARM.Collect$$rtexit$$00000000) for __rt_exit
    defsig_fpe_outer.o(.text) refers to defsig_fpe_inner.o(.text) for __rt_SIGFPE_inner
    defsig_fpe_outer.o(.text) refers to defsig_exit.o(.text) for __sig_exit
    defsig_fpe_formal.o(.text) refers to rt_raise.o(.text) for __rt_raise
    libinit.o(.ARM.Collect$$libinit$$00000000) refers (Special) to libinit2.o(.ARM.Collect$$libinit$$0000002C) for __rt_lib_init_alloca_1
    libinit.o(.ARM.Collect$$libinit$$00000000) refers (Special) to libinit2.o(.ARM.Collect$$libinit$$0000002A) for __rt_lib_init_argv_1
    libinit.o(.ARM.Collect$$libinit$$00000000) refers (Special) to libinit2.o(.ARM.Collect$$libinit$$00000019) for __rt_lib_init_atexit_1
    libinit.o(.ARM.Collect$$libinit$$00000000) refers (Special) to libinit2.o(.ARM.Collect$$libinit$$0000001F) for __rt_lib_init_clock_1
    libinit.o(.ARM.Collect$$libinit$$00000000) refers (Special) to libinit2.o(.ARM.Collect$$libinit$$00000030) for __rt_lib_init_cpp_1
    libinit.o(.ARM.Collect$$libinit$$00000000) refers (Special) to libinit2.o(.ARM.Collect$$libinit$$0000002E) for __rt_lib_init_exceptions_1
    libinit.o(.ARM.Collect$$libinit$$00000000) refers (Special) to libinit2.o(.ARM.Collect$$libinit$$00000001) for __rt_lib_init_fp_1
    libinit.o(.ARM.Collect$$libinit$$00000000) refers (Special) to libinit2.o(.ARM.Collect$$libinit$$0000001D) for __rt_lib_init_fp_trap_1
    libinit.o(.ARM.Collect$$libinit$$00000000) refers (Special) to libinit2.o(.ARM.Collect$$libinit$$00000021) for __rt_lib_init_getenv_1
    libinit.o(.ARM.Collect$$libinit$$00000000) refers (Special) to libinit2.o(.ARM.Collect$$libinit$$00000008) for __rt_lib_init_heap_1
    libinit.o(.ARM.Collect$$libinit$$00000000) refers (Special) to libinit2.o(.ARM.Collect$$libinit$$0000000F) for __rt_lib_init_lc_collate_1
    libinit.o(.ARM.Collect$$libinit$$00000000) refers (Special) to libinit2.o(.ARM.Collect$$libinit$$00000011) for __rt_lib_init_lc_ctype_1
    libinit.o(.ARM.Collect$$libinit$$00000000) refers (Special) to libinit2.o(.ARM.Collect$$libinit$$00000013) for __rt_lib_init_lc_monetary_1
    libinit.o(.ARM.Collect$$libinit$$00000000) refers (Special) to libinit2.o(.ARM.Collect$$libinit$$00000015) for __rt_lib_init_lc_numeric_1
    libinit.o(.ARM.Collect$$libinit$$00000000) refers (Special) to libinit2.o(.ARM.Collect$$libinit$$00000017) for __rt_lib_init_lc_time_1
    libinit.o(.ARM.Collect$$libinit$$00000000) refers (Special) to libinit2.o(.ARM.Collect$$libinit$$0000000C) for __rt_lib_init_rand_1
    libinit.o(.ARM.Collect$$libinit$$00000000) refers (Special) to libinit2.o(.ARM.Collect$$libinit$$00000031) for __rt_lib_init_return
    libinit.o(.ARM.Collect$$libinit$$00000000) refers (Special) to libinit2.o(.ARM.Collect$$libinit$$0000001B) for __rt_lib_init_signal_1
    libinit.o(.ARM.Collect$$libinit$$00000000) refers (Special) to libinit2.o(.ARM.Collect$$libinit$$00000023) for __rt_lib_init_stdio_1
    libinit.o(.ARM.Collect$$libinit$$00000000) refers (Special) to libinit2.o(.ARM.Collect$$libinit$$0000000A) for __rt_lib_init_user_alloc_1
    cmpret.o(.text) refers (Special) to usenofp.o(x$fpl$usenofp) for __I$use$fp
    dnan2.o(.text) refers (Special) to usenofp.o(x$fpl$usenofp) for __I$use$fp
    dnan2.o(.text) refers to retnan.o(.text) for __fpl_return_NaN
    rtexit.o(.ARM.Collect$$rtexit$$00000000) refers (Special) to rtexit2.o(.ARM.Collect$$rtexit$$00000004) for __rt_exit_exit
    rtexit.o(.ARM.Collect$$rtexit$$00000000) refers (Special) to rtexit2.o(.ARM.Collect$$rtexit$$00000003) for __rt_exit_ls
    rtexit.o(.ARM.Collect$$rtexit$$00000000) refers (Special) to rtexit2.o(.ARM.Collect$$rtexit$$00000002) for __rt_exit_prels_1
    rtexit.o(.ARM.exidx) refers (Special) to rtexit2.o(.ARM.Collect$$rtexit$$00000004) for __rt_exit_exit
    rtexit.o(.ARM.exidx) refers (Special) to rtexit2.o(.ARM.Collect$$rtexit$$00000003) for __rt_exit_ls
    rtexit.o(.ARM.exidx) refers (Special) to rtexit2.o(.ARM.Collect$$rtexit$$00000002) for __rt_exit_prels_1
    rtexit.o(.ARM.exidx) refers to rtexit.o(.ARM.Collect$$rtexit$$00000000) for .ARM.Collect$$rtexit$$00000000
    rt_raise.o(.text) refers to __raise.o(.text) for __raise
    rt_raise.o(.text) refers to sys_exit.o(.text) for _sys_exit
    defsig_exit.o(.text) refers to sys_exit.o(.text) for _sys_exit
    defsig_fpe_inner.o(.text) refers to defsig_general.o(.text) for __default_signal_display
    libinit2.o(.ARM.Collect$$libinit$$0000000E) refers to libinit2.o(.ARM.Collect$$libinit$$0000000D) for .ARM.Collect$$libinit$$0000000D
    libinit2.o(.ARM.Collect$$libinit$$00000010) refers to libinit2.o(.ARM.Collect$$libinit$$0000000D) for .ARM.Collect$$libinit$$0000000D
    libinit2.o(.ARM.Collect$$libinit$$00000012) refers to libinit2.o(.ARM.Collect$$libinit$$0000000D) for .ARM.Collect$$libinit$$0000000D
    libinit2.o(.ARM.Collect$$libinit$$00000014) refers to libinit2.o(.ARM.Collect$$libinit$$0000000D) for .ARM.Collect$$libinit$$0000000D
    libinit2.o(.ARM.Collect$$libinit$$00000016) refers to libinit2.o(.ARM.Collect$$libinit$$0000000D) for .ARM.Collect$$libinit$$0000000D
    libinit2.o(.ARM.Collect$$libinit$$00000024) refers to argv_veneer.o(.text) for __ARM_argv_veneer
    libinit2.o(.ARM.Collect$$libinit$$00000025) refers to argv_veneer.o(.text) for __ARM_argv_veneer
    retnan.o(.text) refers (Special) to usenofp.o(x$fpl$usenofp) for __I$use$fp
    retnan.o(.text) refers to cmpret.o(.text) for __fpl_cmpreturn
    sys_exit.o(.text) refers (Special) to use_no_semi.o(.text) for __I$use$semihosting
    sys_exit.o(.text) refers (Special) to indicate_semi.o(.text) for __semihosting_library_function
    rtexit2.o(.ARM.Collect$$rtexit$$00000003) refers to libshutdown.o(.ARM.Collect$$libshutdown$$00000000) for __rt_lib_shutdown
    rtexit2.o(.ARM.Collect$$rtexit$$00000004) refers to sys_exit.o(.text) for _sys_exit
    rtexit2.o(.ARM.exidx) refers to rtexit2.o(.ARM.Collect$$rtexit$$00000001) for .ARM.Collect$$rtexit$$00000001
    rtexit2.o(.ARM.exidx) refers to rtexit2.o(.ARM.Collect$$rtexit$$00000003) for .ARM.Collect$$rtexit$$00000003
    rtexit2.o(.ARM.exidx) refers to rtexit2.o(.ARM.Collect$$rtexit$$00000004) for .ARM.Collect$$rtexit$$00000004
    __raise.o(.text) refers to defsig.o(CL$$defsig) for __default_signal_handler
    defsig_general.o(.text) refers to sys_wrch.o(.text) for _ttywrch
    sys_wrch.o(.text) refers (Special) to use_no_semi.o(.text) for __I$use$semihosting
    sys_wrch.o(.text) refers (Special) to indicate_semi.o(.text) for __semihosting_library_function
    defsig.o(CL$$defsig) refers to defsig_fpe_inner.o(.text) for __rt_SIGFPE_inner
    defsig.o(CL$$defsig) refers to defsig_rtmem_inner.o(.text) for __rt_SIGRTMEM_inner
    _get_argv_nomalloc.o(.text) refers (Special) to hrguard.o(.text) for __heap_region$guard
    _get_argv_nomalloc.o(.text) refers to defsig_rtmem_outer.o(.text) for __rt_SIGRTMEM
    _get_argv_nomalloc.o(.text) refers to sys_command.o(.text) for _sys_command_string
    libshutdown.o(.ARM.Collect$$libshutdown$$00000000) refers (Special) to libshutdown2.o(.ARM.Collect$$libshutdown$$00000006) for __rt_lib_shutdown_fp_trap_1
    libshutdown.o(.ARM.Collect$$libshutdown$$00000000) refers (Special) to libshutdown2.o(.ARM.Collect$$libshutdown$$0000000E) for __rt_lib_shutdown_heap_1
    libshutdown.o(.ARM.Collect$$libshutdown$$00000000) refers (Special) to libshutdown2.o(.ARM.Collect$$libshutdown$$0000000F) for __rt_lib_shutdown_return
    libshutdown.o(.ARM.Collect$$libshutdown$$00000000) refers (Special) to libshutdown2.o(.ARM.Collect$$libshutdown$$00000009) for __rt_lib_shutdown_signal_1
    libshutdown.o(.ARM.Collect$$libshutdown$$00000000) refers (Special) to libshutdown2.o(.ARM.Collect$$libshutdown$$00000003) for __rt_lib_shutdown_stdio_1
    libshutdown.o(.ARM.Collect$$libshutdown$$00000000) refers (Special) to libshutdown2.o(.ARM.Collect$$libshutdown$$0000000B) for __rt_lib_shutdown_user_alloc_1
    sys_command.o(.text) refers (Special) to use_no_semi.o(.text) for __I$use$semihosting
    sys_command.o(.text) refers (Special) to indicate_semi.o(.text) for __semihosting_library_function
    defsig_abrt_inner.o(.text) refers to defsig_general.o(.text) for __default_signal_display
    defsig_rtred_inner.o(.text) refers to defsig_general.o(.text) for __default_signal_display
    defsig_rtmem_inner.o(.text) refers to defsig_general.o(.text) for __default_signal_display
    defsig_rtmem_outer.o(.text) refers to defsig_rtmem_inner.o(.text) for __rt_SIGRTMEM_inner
    defsig_rtmem_outer.o(.text) refers to defsig_exit.o(.text) for __sig_exit
    defsig_rtmem_formal.o(.text) refers to rt_raise.o(.text) for __rt_raise
    defsig_stak_inner.o(.text) refers to defsig_general.o(.text) for __default_signal_display
    defsig_pvfn_inner.o(.text) refers to defsig_general.o(.text) for __default_signal_display
    defsig_cppl_inner.o(.text) refers to defsig_general.o(.text) for __default_signal_display
    defsig_segv_inner.o(.text) refers to defsig_general.o(.text) for __default_signal_display
    defsig_other.o(.text) refers to defsig_general.o(.text) for __default_signal_display


==============================================================================

Removing Unused input sections from the image.

    Removing system.o(.rev16_text), (4 bytes).
    Removing system.o(.revsh_text), (4 bytes).
    Removing main.o(.rev16_text), (4 bytes).
    Removing main.o(.revsh_text), (4 bytes).
    Removing spi.o(.rev16_text), (4 bytes).
    Removing spi.o(.revsh_text), (4 bytes).
    Removing adc.o(.rev16_text), (4 bytes).
    Removing adc.o(.revsh_text), (4 bytes).
    Removing mpu6050.o(.rev16_text), (4 bytes).
    Removing mpu6050.o(.revsh_text), (4 bytes).
    Removing rf_xn297.o(.rev16_text), (4 bytes).
    Removing rf_xn297.o(.revsh_text), (4 bytes).
    Removing fbm320.o(.rev16_text), (4 bytes).
    Removing fbm320.o(.revsh_text), (4 bytes).
    Removing fbm320.o(.text), (304 bytes).
    Removing i2cinquire.o(.rev16_text), (4 bytes).
    Removing i2cinquire.o(.revsh_text), (4 bytes).

17 unused section(s) (total 368 bytes) removed from the image.

==============================================================================

Image Symbol Table

    Local Symbols

    Symbol Name                              Value     Ov Type        Size  Object(Section)

    ../clib/angel/boardlib.s                 0x00000000   Number         0  boardinit1.o ABSOLUTE
    ../clib/angel/boardlib.s                 0x00000000   Number         0  boardinit2.o ABSOLUTE
    ../clib/angel/boardlib.s                 0x00000000   Number         0  boardinit3.o ABSOLUTE
    ../clib/angel/boardlib.s                 0x00000000   Number         0  boardshut.o ABSOLUTE
    ../clib/angel/handlers.s                 0x00000000   Number         0  __scatter_zi.o ABSOLUTE
    ../clib/angel/handlers.s                 0x00000000   Number         0  __scatter_copy.o ABSOLUTE
    ../clib/angel/kernel.s                   0x00000000   Number         0  rtentry.o ABSOLUTE
    ../clib/angel/kernel.s                   0x00000000   Number         0  rtentry4.o ABSOLUTE
    ../clib/angel/kernel.s                   0x00000000   Number         0  rtentry2.o ABSOLUTE
    ../clib/angel/kernel.s                   0x00000000   Number         0  rtexit.o ABSOLUTE
    ../clib/angel/kernel.s                   0x00000000   Number         0  rtexit2.o ABSOLUTE
    ../clib/angel/rt.s                       0x00000000   Number         0  rt_errno_addr_intlibspace.o ABSOLUTE
    ../clib/angel/rt.s                       0x00000000   Number         0  aeabi_idiv0_sigfpe.o ABSOLUTE
    ../clib/angel/rt.s                       0x00000000   Number         0  rt_errno_addr.o ABSOLUTE
    ../clib/angel/rt.s                       0x00000000   Number         0  aeabi_idiv0.o ABSOLUTE
    ../clib/angel/rt.s                       0x00000000   Number         0  rt_div0.o ABSOLUTE
    ../clib/angel/rt.s                       0x00000000   Number         0  rt_raise.o ABSOLUTE
    ../clib/angel/scatterp.s                 0x00000000   Number         0  __scatter.o ABSOLUTE
    ../clib/angel/startup.s                  0x00000000   Number         0  __main.o ABSOLUTE
    ../clib/angel/sys.s                      0x00000000   Number         0  libspace.o ABSOLUTE
    ../clib/angel/sys.s                      0x00000000   Number         0  sys_stackheap_outer.o ABSOLUTE
    ../clib/angel/sys.s                      0x00000000   Number         0  tempstk.o ABSOLUTE
    ../clib/angel/sys.s                      0x00000000   Number         0  use_no_semi.o ABSOLUTE
    ../clib/angel/sys.s                      0x00000000   Number         0  indicate_semi.o ABSOLUTE
    ../clib/angel/sysapp.c                   0x00000000   Number         0  sys_command.o ABSOLUTE
    ../clib/angel/sysapp.c                   0x00000000   Number         0  sys_exit.o ABSOLUTE
    ../clib/angel/sysapp.c                   0x00000000   Number         0  sys_wrch.o ABSOLUTE
    ../clib/armsys.c                         0x00000000   Number         0  _get_argv_nomalloc.o ABSOLUTE
    ../clib/armsys.c                         0x00000000   Number         0  argv_veneer.o ABSOLUTE
    ../clib/armsys.c                         0x00000000   Number         0  no_argv.o ABSOLUTE
    ../clib/division.s                       0x00000000   Number         0  aeabi_sdiv.o ABSOLUTE
    ../clib/division.s                       0x00000000   Number         0  aeabi_sdiv_div0.o ABSOLUTE
    ../clib/fenv.c                           0x00000000   Number         0  _rserrno.o ABSOLUTE
    ../clib/heapalloc.c                      0x00000000   Number         0  hrguard.o ABSOLUTE
    ../clib/heapaux.c                        0x00000000   Number         0  heapauxi.o ABSOLUTE
    ../clib/libinit.s                        0x00000000   Number         0  libinit2.o ABSOLUTE
    ../clib/libinit.s                        0x00000000   Number         0  libshutdown2.o ABSOLUTE
    ../clib/libinit.s                        0x00000000   Number         0  libinit.o ABSOLUTE
    ../clib/libinit.s                        0x00000000   Number         0  libshutdown.o ABSOLUTE
    ../clib/memcpset.c                       0x00000000   Number         0  rt_memcpy.o ABSOLUTE
    ../clib/memcpset.c                       0x00000000   Number         0  rt_memcpy.o ABSOLUTE
    ../clib/signal.c                         0x00000000   Number         0  defsig_other.o ABSOLUTE
    ../clib/signal.c                         0x00000000   Number         0  defsig_segv_inner.o ABSOLUTE
    ../clib/signal.c                         0x00000000   Number         0  defsig_pvfn_inner.o ABSOLUTE
    ../clib/signal.c                         0x00000000   Number         0  defsig_stak_inner.o ABSOLUTE
    ../clib/signal.c                         0x00000000   Number         0  defsig_rtmem_formal.o ABSOLUTE
    ../clib/signal.c                         0x00000000   Number         0  defsig_rtmem_outer.o ABSOLUTE
    ../clib/signal.c                         0x00000000   Number         0  defsig_rtmem_inner.o ABSOLUTE
    ../clib/signal.c                         0x00000000   Number         0  defsig_rtred_inner.o ABSOLUTE
    ../clib/signal.c                         0x00000000   Number         0  defsig_abrt_inner.o ABSOLUTE
    ../clib/signal.c                         0x00000000   Number         0  defsig_fpe_formal.o ABSOLUTE
    ../clib/signal.c                         0x00000000   Number         0  defsig_general.o ABSOLUTE
    ../clib/signal.c                         0x00000000   Number         0  __raise.o ABSOLUTE
    ../clib/signal.c                         0x00000000   Number         0  defsig_fpe_inner.o ABSOLUTE
    ../clib/signal.c                         0x00000000   Number         0  defsig_exit.o ABSOLUTE
    ../clib/signal.c                         0x00000000   Number         0  defsig_fpe_outer.o ABSOLUTE
    ../clib/signal.c                         0x00000000   Number         0  defsig_cppl_inner.o ABSOLUTE
    ../clib/signal.s                         0x00000000   Number         0  defsig.o ABSOLUTE
    ../clib/stdlib.c                         0x00000000   Number         0  exit.o ABSOLUTE
    ../fplib/cfplib/cmpret.c                 0x00000000   Number         0  cmpret.o ABSOLUTE
    ../fplib/cfplib/d2f.c                    0x00000000   Number         0  d2f.o ABSOLUTE
    ../fplib/cfplib/daddsub.c                0x00000000   Number         0  daddsub.o ABSOLUTE
    ../fplib/cfplib/dcmpin.c                 0x00000000   Number         0  dcmpin.o ABSOLUTE
    ../fplib/cfplib/ddiv.c                   0x00000000   Number         0  ddiv.o ABSOLUTE
    ../fplib/cfplib/dmul.c                   0x00000000   Number         0  dmul.o ABSOLUTE
    ../fplib/cfplib/dsqrt.c                  0x00000000   Number         0  dsqrt.o ABSOLUTE
    ../fplib/cfplib/f2d.c                    0x00000000   Number         0  f2d.o ABSOLUTE
    ../fplib/cfplib/fdiv.c                   0x00000000   Number         0  fdiv.o ABSOLUTE
    ../fplib/cfplib/ffix.c                   0x00000000   Number         0  ffixui.o ABSOLUTE
    ../fplib/cfplib/fflt.c                   0x00000000   Number         0  dflti.o ABSOLUTE
    ../fplib/cfplib/fflt.c                   0x00000000   Number         0  fflti.o ABSOLUTE
    ../fplib/cfplib/fpinit.c                 0x00000000   Number         0  fpinit.o ABSOLUTE
    ../fplib/cfplib/nan2.c                   0x00000000   Number         0  dnan2.o ABSOLUTE
    ../fplib/cfplib/retnan.c                 0x00000000   Number         0  retnan.o ABSOLUTE
    ../fplib/cfplib/scalbn.c                 0x00000000   Number         0  dscalbn.o ABSOLUTE
    ../fplib/dleqf6m.s                       0x00000000   Number         0  dlef.o ABSOLUTE
    ../fplib/drleqf6m.s                      0x00000000   Number         0  drlef.o ABSOLUTE
    ../fplib/faddsub6m.s                     0x00000000   Number         0  faddsub.o ABSOLUTE
    ../fplib/fmul6m.s                        0x00000000   Number         0  fmul.o ABSOLUTE
    ../fplib/usenofp.s                       0x00000000   Number         0  usenofp.o ABSOLUTE
    ../mathlib/dunder.c                      0x00000000   Number         0  dunder.o ABSOLUTE
    ../mathlib/fpclassify.c                  0x00000000   Number         0  fpclassify.o ABSOLUTE
    ../mathlib/poly.c                        0x00000000   Number         0  poly.o ABSOLUTE
    ../mathlib/pow.c                         0x00000000   Number         0  pow.o ABSOLUTE
    ../mathlib/pow.c                         0x00000000   Number         0  pow_x.o ABSOLUTE
    ../mathlib/qnan.c                        0x00000000   Number         0  qnan.o ABSOLUTE
    ../mathlib/sqrt.c                        0x00000000   Number         0  sqrt.o ABSOLUTE
    ../mathlib/sqrt.c                        0x00000000   Number         0  sqrt_x.o ABSOLUTE
    ADC.c                                    0x00000000   Number         0  adc.o ABSOLUTE
    ADC.c                                    0x00000000   Number         0  adc.o ABSOLUTE
    FBM320.c                                 0x00000000   Number         0  fbm320.o ABSOLUTE
    FBM320.c                                 0x00000000   Number         0  fbm320.o ABSOLUTE
    I2CInquire.c                             0x00000000   Number         0  i2cinquire.o ABSOLUTE
    I2CInquire.c                             0x00000000   Number         0  i2cinquire.o ABSOLUTE
    MPU6050.c                                0x00000000   Number         0  mpu6050.o ABSOLUTE
    MPU6050.c                                0x00000000   Number         0  mpu6050.o ABSOLUTE
    RF_XN297.c                               0x00000000   Number         0  rf_xn297.o ABSOLUTE
    RF_XN297.c                               0x00000000   Number         0  rf_xn297.o ABSOLUTE
    SPI.c                                    0x00000000   Number         0  spi.o ABSOLUTE
    SPI.c                                    0x00000000   Number         0  spi.o ABSOLUTE
    System.c                                 0x00000000   Number         0  system.o ABSOLUTE
    System.c                                 0x00000000   Number         0  system.o ABSOLUTE
    dc.s                                     0x00000000   Number         0  dc.o ABSOLUTE
    main.c                                   0x00000000   Number         0  main.o ABSOLUTE
    main.c                                   0x00000000   Number         0  main.o ABSOLUTE
    startup_stm32f051.s                      0x00000000   Number         0  startup_stm32f051.o ABSOLUTE
    RESET                                    0x08000000   Section      192  startup_stm32f051.o(RESET)
    !!!main                                  0x080000c0   Section        8  __main.o(!!!main)
    !!!scatter                               0x080000c8   Section       60  __scatter.o(!!!scatter)
    !!handler_copy                           0x08000104   Section       26  __scatter_copy.o(!!handler_copy)
    !!handler_zi                             0x08000120   Section       28  __scatter_zi.o(!!handler_zi)
    .ARM.Collect$$libinit$$00000000          0x0800013c   Section        2  libinit.o(.ARM.Collect$$libinit$$00000000)
    .ARM.Collect$$libinit$$00000001          0x0800013e   Section        4  libinit2.o(.ARM.Collect$$libinit$$00000001)
    .ARM.Collect$$libinit$$00000008          0x08000142   Section        0  libinit2.o(.ARM.Collect$$libinit$$00000008)
    .ARM.Collect$$libinit$$0000000A          0x08000142   Section        0  libinit2.o(.ARM.Collect$$libinit$$0000000A)
    .ARM.Collect$$libinit$$0000000C          0x08000142   Section        0  libinit2.o(.ARM.Collect$$libinit$$0000000C)
    .ARM.Collect$$libinit$$0000000F          0x08000142   Section        0  libinit2.o(.ARM.Collect$$libinit$$0000000F)
    .ARM.Collect$$libinit$$00000011          0x08000142   Section        0  libinit2.o(.ARM.Collect$$libinit$$00000011)
    .ARM.Collect$$libinit$$00000013          0x08000142   Section        0  libinit2.o(.ARM.Collect$$libinit$$00000013)
    .ARM.Collect$$libinit$$00000015          0x08000142   Section        0  libinit2.o(.ARM.Collect$$libinit$$00000015)
    .ARM.Collect$$libinit$$00000017          0x08000142   Section        0  libinit2.o(.ARM.Collect$$libinit$$00000017)
    .ARM.Collect$$libinit$$00000019          0x08000142   Section        0  libinit2.o(.ARM.Collect$$libinit$$00000019)
    .ARM.Collect$$libinit$$0000001B          0x08000142   Section        0  libinit2.o(.ARM.Collect$$libinit$$0000001B)
    .ARM.Collect$$libinit$$0000001D          0x08000142   Section        0  libinit2.o(.ARM.Collect$$libinit$$0000001D)
    .ARM.Collect$$libinit$$0000001F          0x08000142   Section        0  libinit2.o(.ARM.Collect$$libinit$$0000001F)
    .ARM.Collect$$libinit$$00000021          0x08000142   Section        0  libinit2.o(.ARM.Collect$$libinit$$00000021)
    .ARM.Collect$$libinit$$00000023          0x08000142   Section        0  libinit2.o(.ARM.Collect$$libinit$$00000023)
    .ARM.Collect$$libinit$$0000002A          0x08000142   Section        0  libinit2.o(.ARM.Collect$$libinit$$0000002A)
    .ARM.Collect$$libinit$$0000002C          0x08000142   Section        0  libinit2.o(.ARM.Collect$$libinit$$0000002C)
    .ARM.Collect$$libinit$$0000002E          0x08000142   Section        0  libinit2.o(.ARM.Collect$$libinit$$0000002E)
    .ARM.Collect$$libinit$$00000030          0x08000142   Section        0  libinit2.o(.ARM.Collect$$libinit$$00000030)
    .ARM.Collect$$libinit$$00000031          0x08000142   Section        2  libinit2.o(.ARM.Collect$$libinit$$00000031)
    .ARM.Collect$$libshutdown$$00000000      0x08000144   Section        2  libshutdown.o(.ARM.Collect$$libshutdown$$00000000)
    .ARM.Collect$$libshutdown$$00000003      0x08000146   Section        0  libshutdown2.o(.ARM.Collect$$libshutdown$$00000003)
    .ARM.Collect$$libshutdown$$00000006      0x08000146   Section        0  libshutdown2.o(.ARM.Collect$$libshutdown$$00000006)
    .ARM.Collect$$libshutdown$$00000009      0x08000146   Section        0  libshutdown2.o(.ARM.Collect$$libshutdown$$00000009)
    .ARM.Collect$$libshutdown$$0000000B      0x08000146   Section        0  libshutdown2.o(.ARM.Collect$$libshutdown$$0000000B)
    .ARM.Collect$$libshutdown$$0000000E      0x08000146   Section        0  libshutdown2.o(.ARM.Collect$$libshutdown$$0000000E)
    .ARM.Collect$$libshutdown$$0000000F      0x08000146   Section        2  libshutdown2.o(.ARM.Collect$$libshutdown$$0000000F)
    .ARM.Collect$$rtentry$$00000000          0x08000148   Section        0  rtentry.o(.ARM.Collect$$rtentry$$00000000)
    .ARM.Collect$$rtentry$$00000002          0x08000148   Section        0  rtentry2.o(.ARM.Collect$$rtentry$$00000002)
    .ARM.Collect$$rtentry$$00000004          0x08000148   Section        6  rtentry4.o(.ARM.Collect$$rtentry$$00000004)
    .ARM.Collect$$rtentry$$00000009          0x0800014e   Section        0  rtentry2.o(.ARM.Collect$$rtentry$$00000009)
    .ARM.Collect$$rtentry$$0000000A          0x0800014e   Section        4  rtentry2.o(.ARM.Collect$$rtentry$$0000000A)
    .ARM.Collect$$rtentry$$0000000C          0x08000152   Section        0  rtentry2.o(.ARM.Collect$$rtentry$$0000000C)
    .ARM.Collect$$rtentry$$0000000D          0x08000152   Section        8  rtentry2.o(.ARM.Collect$$rtentry$$0000000D)
    .ARM.Collect$$rtexit$$00000000           0x0800015a   Section        2  rtexit.o(.ARM.Collect$$rtexit$$00000000)
    .ARM.Collect$$rtexit$$00000002           0x0800015c   Section        0  rtexit2.o(.ARM.Collect$$rtexit$$00000002)
    .ARM.Collect$$rtexit$$00000003           0x0800015c   Section        4  rtexit2.o(.ARM.Collect$$rtexit$$00000003)
    .ARM.Collect$$rtexit$$00000004           0x08000160   Section        6  rtexit2.o(.ARM.Collect$$rtexit$$00000004)
    .emb_text                                0x08000168   Section       56  rt_memcpy.o(.emb_text)
    .text                                    0x080001a0   Section        0  system.o(.text)
    NVIC_SetPriority                         0x080003a7   Thumb Code   110  system.o(.text)
    .text                                    0x08000458   Section       56  startup_stm32f051.o(.text)
    .text                                    0x08000490   Section        0  main.o(.text)
    .text                                    0x08000554   Section        0  spi.o(.text)
    .text                                    0x08000764   Section        0  adc.o(.text)
    .text                                    0x0800092c   Section        0  mpu6050.o(.text)
    .text                                    0x080013b0   Section        0  rf_xn297.o(.text)
    NVIC_SetPriority                         0x080015c7   Thumb Code   110  rf_xn297.o(.text)
    .text                                    0x0800165c   Section        0  i2cinquire.o(.text)
    .text                                    0x080018e8   Section        0  rt_memcpy.o(.text)
    .text                                    0x0800196a   Section      346  aeabi_sdiv.o(.text)
    .text                                    0x08001ac4   Section        0  heapauxi.o(.text)
    .text                                    0x08001acc   Section        0  d2f.o(.text)
    .text                                    0x08001b48   Section        0  daddsub.o(.text)
    _dadd1                                   0x08001b49   Thumb Code   286  daddsub.o(.text)
    _dsub1                                   0x08001c67   Thumb Code   468  daddsub.o(.text)
    .text                                    0x08001e94   Section        0  ddiv.o(.text)
    .text                                    0x080022e0   Section        0  dflti.o(.text)
    .text                                    0x08002338   Section        0  dmul.o(.text)
    .text                                    0x08002590   Section        0  f2d.o(.text)
    .text                                    0x080025e8   Section        0  fdiv.o(.text)
    .text                                    0x08002748   Section        0  ffixui.o(.text)
    .text                                    0x08002778   Section        0  fflti.o(.text)
    .text                                    0x080027d6   Section        0  _rserrno.o(.text)
    .text                                    0x080027ec   Section        0  dscalbn.o(.text)
    .text                                    0x08002848   Section        8  rt_errno_addr_intlibspace.o(.text)
    .text                                    0x08002850   Section        0  dcmpin.o(.text)
    .text                                    0x080028e0   Section        0  dsqrt.o(.text)
    .text                                    0x080029e4   Section        8  libspace.o(.text)
    .text                                    0x080029ec   Section       62  sys_stackheap_outer.o(.text)
    .text                                    0x08002a2a   Section        0  exit.o(.text)
    .text                                    0x08002a38   Section        0  cmpret.o(.text)
    .text                                    0x08002a68   Section        0  dnan2.o(.text)
    .text                                    0x08002a7c   Section        0  retnan.o(.text)
    .text                                    0x08002adc   Section        0  sys_exit.o(.text)
    .text                                    0x08002ae8   Section        2  use_no_semi.o(.text)
    .text                                    0x08002aea   Section        0  indicate_semi.o(.text)
    i.__ARM_fpclassify                       0x08002aec   Section        0  fpclassify.o(i.__ARM_fpclassify)
    i.__kernel_poly                          0x08002b18   Section        0  poly.o(i.__kernel_poly)
    i.__mathlib_dbl_underflow                0x08002bc4   Section        0  dunder.o(i.__mathlib_dbl_underflow)
    i.pow                                    0x08002bd8   Section        0  pow.o(i.pow)
    i.sqrt                                   0x080035c0   Section        0  sqrt.o(i.sqrt)
    x$fpl$drleqf                             0x08003608   Section      104  drlef.o(x$fpl$drleqf)
    x$fpl$fadd                               0x08003670   Section      140  faddsub.o(x$fpl$fadd)
    _fadd1                                   0x0800367d   Thumb Code     0  faddsub.o(x$fpl$fadd)
    x$fpl$fmul                               0x080036fc   Section      176  fmul.o(x$fpl$fmul)
    x$fpl$fsub                               0x080037ac   Section      208  faddsub.o(x$fpl$fsub)
    _fsub1                                   0x080037b9   Thumb Code     0  faddsub.o(x$fpl$fsub)
    .constdata                               0x0800387c   Section       26  rf_xn297.o(.constdata)
    x$fpl$usenofp                            0x0800387c   Section        0  usenofp.o(x$fpl$usenofp)
    .constdata                               0x08003896   Section      128  ddiv.o(.constdata)
    ddiv_reciptbl                            0x08003896   Data         128  ddiv.o(.constdata)
    .constdata                               0x08003916   Section       64  fdiv.o(.constdata)
    fdiv_tab                                 0x08003916   Data          64  fdiv.o(.constdata)
    .constdata                               0x08003958   Section      136  pow.o(.constdata)
    bp                                       0x08003958   Data          16  pow.o(.constdata)
    dp_h                                     0x08003968   Data          16  pow.o(.constdata)
    dp_l                                     0x08003978   Data          16  pow.o(.constdata)
    L                                        0x08003988   Data          48  pow.o(.constdata)
    P                                        0x080039b8   Data          40  pow.o(.constdata)
    .constdata                               0x080039e0   Section        8  qnan.o(.constdata)
    .data                                    0x20000000   Section       24  system.o(.data)
    .data                                    0x20000018   Section       24  main.o(.data)
    .data                                    0x20000030   Section        8  adc.o(.data)
    .data                                    0x20000038   Section       32  mpu6050.o(.data)
    .data                                    0x20000058   Section        1  rf_xn297.o(.data)
    .data                                    0x20000059   Section        1  i2cinquire.o(.data)
    .bss                                     0x2000005c   Section       32  adc.o(.bss)
    .bss                                     0x2000007c   Section       14  rf_xn297.o(.bss)
    .bss                                     0x2000008c   Section       96  libspace.o(.bss)
    HEAP                                     0x200000f0   Section      512  startup_stm32f051.o(HEAP)
    Heap_Mem                                 0x200000f0   Data         512  startup_stm32f051.o(HEAP)
    STACK                                    0x200002f0   Section     1024  startup_stm32f051.o(STACK)
    Stack_Mem                                0x200002f0   Data        1024  startup_stm32f051.o(STACK)
    __initial_sp                             0x200006f0   Data           0  startup_stm32f051.o(STACK)

    Global Symbols

    Symbol Name                              Value     Ov Type        Size  Object(Section)

    BuildAttributes$$THM_ISAv3M$S$PE$A:L22$X:L11$S22$IEEE1$IW$USESV6$~STKCKD$USESV7$~SHL$OTIME$ROPI$IEEEX$EBA8$UX$STANDARDLIB$REQ8$PRES8$EABIv2 0x00000000   Number         0  anon$$obj.o ABSOLUTE
    __ARM_use_no_argv                        0x00000000   Number         0  main.o ABSOLUTE
    __ARM_exceptions_init                     - Undefined Weak Reference
    __alloca_initialize                       - Undefined Weak Reference
    __cpp_initialize__aeabi_                  - Undefined Weak Reference
    __cxa_finalize                            - Undefined Weak Reference
    __rt_locale                               - Undefined Weak Reference
    __sigvec_lookup                           - Undefined Weak Reference
    _atexit_init                              - Undefined Weak Reference
    _call_atexit_fns                          - Undefined Weak Reference
    _clock_init                               - Undefined Weak Reference
    _fp_trap_init                             - Undefined Weak Reference
    _fp_trap_shutdown                         - Undefined Weak Reference
    _get_lc_collate                           - Undefined Weak Reference
    _get_lc_ctype                             - Undefined Weak Reference
    _get_lc_monetary                          - Undefined Weak Reference
    _get_lc_numeric                           - Undefined Weak Reference
    _get_lc_time                              - Undefined Weak Reference
    _getenv_init                              - Undefined Weak Reference
    _handle_redirection                       - Undefined Weak Reference
    _init_alloc                               - Undefined Weak Reference
    _init_user_alloc                          - Undefined Weak Reference
    _initio                                   - Undefined Weak Reference
    _rand_init                                - Undefined Weak Reference
    _signal_finish                            - Undefined Weak Reference
    _signal_init                              - Undefined Weak Reference
    _terminate_alloc                          - Undefined Weak Reference
    _terminate_user_alloc                     - Undefined Weak Reference
    _terminateio                              - Undefined Weak Reference
    __Vectors_Size                           0x000000c0   Number         0  startup_stm32f051.o ABSOLUTE
    __Vectors                                0x08000000   Data           4  startup_stm32f051.o(RESET)
    __Vectors_End                            0x080000c0   Data           0  startup_stm32f051.o(RESET)
    __main                                   0x080000c1   Thumb Code     8  __main.o(!!!main)
    __scatterload                            0x080000c9   Thumb Code     0  __scatter.o(!!!scatter)
    __scatterload_rt2                        0x080000c9   Thumb Code    52  __scatter.o(!!!scatter)
    __scatterload_rt2_thumb_only             0x080000c9   Thumb Code     0  __scatter.o(!!!scatter)
    __scatterload_null                       0x080000d9   Thumb Code     0  __scatter.o(!!!scatter)
    __scatterload_copy                       0x08000105   Thumb Code    26  __scatter_copy.o(!!handler_copy)
    __scatterload_zeroinit                   0x08000121   Thumb Code    28  __scatter_zi.o(!!handler_zi)
    __rt_lib_init                            0x0800013d   Thumb Code     0  libinit.o(.ARM.Collect$$libinit$$00000000)
    __rt_lib_init_fp_1                       0x0800013f   Thumb Code     0  libinit2.o(.ARM.Collect$$libinit$$00000001)
    __rt_lib_init_alloca_1                   0x08000143   Thumb Code     0  libinit2.o(.ARM.Collect$$libinit$$0000002C)
    __rt_lib_init_argv_1                     0x08000143   Thumb Code     0  libinit2.o(.ARM.Collect$$libinit$$0000002A)
    __rt_lib_init_atexit_1                   0x08000143   Thumb Code     0  libinit2.o(.ARM.Collect$$libinit$$00000019)
    __rt_lib_init_clock_1                    0x08000143   Thumb Code     0  libinit2.o(.ARM.Collect$$libinit$$0000001F)
    __rt_lib_init_cpp_1                      0x08000143   Thumb Code     0  libinit2.o(.ARM.Collect$$libinit$$00000030)
    __rt_lib_init_exceptions_1               0x08000143   Thumb Code     0  libinit2.o(.ARM.Collect$$libinit$$0000002E)
    __rt_lib_init_fp_trap_1                  0x08000143   Thumb Code     0  libinit2.o(.ARM.Collect$$libinit$$0000001D)
    __rt_lib_init_getenv_1                   0x08000143   Thumb Code     0  libinit2.o(.ARM.Collect$$libinit$$00000021)
    __rt_lib_init_heap_1                     0x08000143   Thumb Code     0  libinit2.o(.ARM.Collect$$libinit$$00000008)
    __rt_lib_init_lc_collate_1               0x08000143   Thumb Code     0  libinit2.o(.ARM.Collect$$libinit$$0000000F)
    __rt_lib_init_lc_ctype_1                 0x08000143   Thumb Code     0  libinit2.o(.ARM.Collect$$libinit$$00000011)
    __rt_lib_init_lc_monetary_1              0x08000143   Thumb Code     0  libinit2.o(.ARM.Collect$$libinit$$00000013)
    __rt_lib_init_lc_numeric_1               0x08000143   Thumb Code     0  libinit2.o(.ARM.Collect$$libinit$$00000015)
    __rt_lib_init_lc_time_1                  0x08000143   Thumb Code     0  libinit2.o(.ARM.Collect$$libinit$$00000017)
    __rt_lib_init_rand_1                     0x08000143   Thumb Code     0  libinit2.o(.ARM.Collect$$libinit$$0000000C)
    __rt_lib_init_return                     0x08000143   Thumb Code     0  libinit2.o(.ARM.Collect$$libinit$$00000031)
    __rt_lib_init_signal_1                   0x08000143   Thumb Code     0  libinit2.o(.ARM.Collect$$libinit$$0000001B)
    __rt_lib_init_stdio_1                    0x08000143   Thumb Code     0  libinit2.o(.ARM.Collect$$libinit$$00000023)
    __rt_lib_init_user_alloc_1               0x08000143   Thumb Code     0  libinit2.o(.ARM.Collect$$libinit$$0000000A)
    __rt_lib_shutdown                        0x08000145   Thumb Code     0  libshutdown.o(.ARM.Collect$$libshutdown$$00000000)
    __rt_lib_shutdown_fp_trap_1              0x08000147   Thumb Code     0  libshutdown2.o(.ARM.Collect$$libshutdown$$00000006)
    __rt_lib_shutdown_heap_1                 0x08000147   Thumb Code     0  libshutdown2.o(.ARM.Collect$$libshutdown$$0000000E)
    __rt_lib_shutdown_return                 0x08000147   Thumb Code     0  libshutdown2.o(.ARM.Collect$$libshutdown$$0000000F)
    __rt_lib_shutdown_signal_1               0x08000147   Thumb Code     0  libshutdown2.o(.ARM.Collect$$libshutdown$$00000009)
    __rt_lib_shutdown_stdio_1                0x08000147   Thumb Code     0  libshutdown2.o(.ARM.Collect$$libshutdown$$00000003)
    __rt_lib_shutdown_user_alloc_1           0x08000147   Thumb Code     0  libshutdown2.o(.ARM.Collect$$libshutdown$$0000000B)
    __rt_entry                               0x08000149   Thumb Code     0  rtentry.o(.ARM.Collect$$rtentry$$00000000)
    __rt_entry_presh_1                       0x08000149   Thumb Code     0  rtentry2.o(.ARM.Collect$$rtentry$$00000002)
    __rt_entry_sh                            0x08000149   Thumb Code     0  rtentry4.o(.ARM.Collect$$rtentry$$00000004)
    __rt_entry_li                            0x0800014f   Thumb Code     0  rtentry2.o(.ARM.Collect$$rtentry$$0000000A)
    __rt_entry_postsh_1                      0x0800014f   Thumb Code     0  rtentry2.o(.ARM.Collect$$rtentry$$00000009)
    __rt_entry_main                          0x08000153   Thumb Code     0  rtentry2.o(.ARM.Collect$$rtentry$$0000000D)
    __rt_entry_postli_1                      0x08000153   Thumb Code     0  rtentry2.o(.ARM.Collect$$rtentry$$0000000C)
    __rt_exit                                0x0800015b   Thumb Code     0  rtexit.o(.ARM.Collect$$rtexit$$00000000)
    __rt_exit_ls                             0x0800015d   Thumb Code     0  rtexit2.o(.ARM.Collect$$rtexit$$00000003)
    __rt_exit_prels_1                        0x0800015d   Thumb Code     0  rtexit2.o(.ARM.Collect$$rtexit$$00000002)
    __rt_exit_exit                           0x08000161   Thumb Code     0  rtexit2.o(.ARM.Collect$$rtexit$$00000004)
    __aeabi_memcpy4                          0x08000169   Thumb Code    56  rt_memcpy.o(.emb_text)
    __aeabi_memcpy8                          0x08000169   Thumb Code     0  rt_memcpy.o(.emb_text)
    TIM16_IRQHandler                         0x080001a1   Thumb Code    52  system.o(.text)
    SystemInit                               0x080001d5   Thumb Code     2  system.o(.text)
    SYS_DelaySysTick                         0x080001d7   Thumb Code    24  system.o(.text)
    SYS_DelayUs                              0x080001ef   Thumb Code    30  system.o(.text)
    SYS_DisableIRQs                          0x0800020d   Thumb Code    38  system.o(.text)
    SYS_EnableIRQs                           0x08000233   Thumb Code    40  system.o(.text)
    SYS_GetSysTick                           0x0800025b   Thumb Code     6  system.o(.text)
    SYS_Init                                 0x08000261   Thumb Code   310  system.o(.text)
    SYS_ResetWatchdog                        0x08000397   Thumb Code     8  system.o(.text)
    SYS_StartWatchdog                        0x0800039f   Thumb Code     8  system.o(.text)
    Reset_Handler                            0x08000459   Thumb Code     8  startup_stm32f051.o(.text)
    NMI_Handler                              0x08000461   Thumb Code     2  startup_stm32f051.o(.text)
    HardFault_Handler                        0x08000463   Thumb Code     2  startup_stm32f051.o(.text)
    SVC_Handler                              0x08000465   Thumb Code     2  startup_stm32f051.o(.text)
    PendSV_Handler                           0x08000467   Thumb Code     2  startup_stm32f051.o(.text)
    SysTick_Handler                          0x08000469   Thumb Code     2  startup_stm32f051.o(.text)
    ADC1_COMP_IRQHandler                     0x0800046b   Thumb Code     0  startup_stm32f051.o(.text)
    CEC_IRQHandler                           0x0800046b   Thumb Code     0  startup_stm32f051.o(.text)
    DMA1_Channel1_IRQHandler                 0x0800046b   Thumb Code     0  startup_stm32f051.o(.text)
    DMA1_Channel2_3_IRQHandler               0x0800046b   Thumb Code     0  startup_stm32f051.o(.text)
    DMA1_Channel4_5_IRQHandler               0x0800046b   Thumb Code     0  startup_stm32f051.o(.text)
    EXTI0_1_IRQHandler                       0x0800046b   Thumb Code     0  startup_stm32f051.o(.text)
    EXTI2_3_IRQHandler                       0x0800046b   Thumb Code     0  startup_stm32f051.o(.text)
    FLASH_IRQHandler                         0x0800046b   Thumb Code     0  startup_stm32f051.o(.text)
    I2C1_IRQHandler                          0x0800046b   Thumb Code     0  startup_stm32f051.o(.text)
    I2C2_IRQHandler                          0x0800046b   Thumb Code     0  startup_stm32f051.o(.text)
    PVD_IRQHandler                           0x0800046b   Thumb Code     0  startup_stm32f051.o(.text)
    RCC_IRQHandler                           0x0800046b   Thumb Code     0  startup_stm32f051.o(.text)
    RTC_IRQHandler                           0x0800046b   Thumb Code     0  startup_stm32f051.o(.text)
    SPI1_IRQHandler                          0x0800046b   Thumb Code     0  startup_stm32f051.o(.text)
    SPI2_IRQHandler                          0x0800046b   Thumb Code     0  startup_stm32f051.o(.text)
    TIM14_IRQHandler                         0x0800046b   Thumb Code     0  startup_stm32f051.o(.text)
    TIM15_IRQHandler                         0x0800046b   Thumb Code     0  startup_stm32f051.o(.text)
    TIM17_IRQHandler                         0x0800046b   Thumb Code     0  startup_stm32f051.o(.text)
    TIM1_BRK_UP_TRG_COM_IRQHandler           0x0800046b   Thumb Code     0  startup_stm32f051.o(.text)
    TIM1_CC_IRQHandler                       0x0800046b   Thumb Code     0  startup_stm32f051.o(.text)
    TIM2_IRQHandler                          0x0800046b   Thumb Code     0  startup_stm32f051.o(.text)
    TIM3_IRQHandler                          0x0800046b   Thumb Code     0  startup_stm32f051.o(.text)
    TIM6_DAC_IRQHandler                      0x0800046b   Thumb Code     0  startup_stm32f051.o(.text)
    TS_IRQHandler                            0x0800046b   Thumb Code     0  startup_stm32f051.o(.text)
    USART1_IRQHandler                        0x0800046b   Thumb Code     0  startup_stm32f051.o(.text)
    USART2_IRQHandler                        0x0800046b   Thumb Code     0  startup_stm32f051.o(.text)
    WWDG_IRQHandler                          0x0800046b   Thumb Code     0  startup_stm32f051.o(.text)
    __user_initial_stackheap                 0x0800046d   Thumb Code     0  startup_stm32f051.o(.text)
    LED_Config                               0x08000491   Thumb Code   110  main.o(.text)
    main                                     0x080004ff   Thumb Code    60  main.o(.text)
    SPI_Deselect                             0x08000555   Thumb Code    12  spi.o(.text)
    SPI_FlushRXBuffer                        0x08000561   Thumb Code    22  spi.o(.text)
    SPI_Init                                 0x08000577   Thumb Code   206  spi.o(.text)
    SPI_Select                               0x08000645   Thumb Code    12  spi.o(.text)
    SPI_ReadRegister                         0x08000651   Thumb Code   156  spi.o(.text)
    SPI_TransmitOnly                         0x080006ed   Thumb Code   100  spi.o(.text)
    ADC_MsIRQHandler                         0x08000765   Thumb Code    66  adc.o(.text)
    ADC_GetInternalVoltage                   0x080007a7   Thumb Code    58  adc.o(.text)
    ADC_Init                                 0x080007e1   Thumb Code   302  adc.o(.text)
    Calculate_FTA                            0x0800092d   Thumb Code   100  mpu6050.o(.text)
    Calculate_FTG                            0x08000991   Thumb Code    62  mpu6050.o(.text)
    Calculate_FTYG                           0x080009cf   Thumb Code    62  mpu6050.o(.text)
    Read_SELF_TEST                           0x08000a0d   Thumb Code   348  mpu6050.o(.text)
    Read_Sample_Rate                         0x08000b69   Thumb Code    52  mpu6050.o(.text)
    Read_Config                              0x08000b9d   Thumb Code    52  mpu6050.o(.text)
    Write_Config                             0x08000bd1   Thumb Code    26  mpu6050.o(.text)
    Write_GYRO_CONFIG                        0x08000beb   Thumb Code    26  mpu6050.o(.text)
    Write_ACCEL_CONFIG                       0x08000c05   Thumb Code    26  mpu6050.o(.text)
    Write_MOT_THR                            0x08000c1f   Thumb Code    26  mpu6050.o(.text)
    Write_FIFO_EN                            0x08000c39   Thumb Code    26  mpu6050.o(.text)
    Write_MPU6050_MST_CTRL                   0x08000c53   Thumb Code    26  mpu6050.o(.text)
    Write_MPU6050_SLAVE_ADDR                 0x08000c6d   Thumb Code    28  mpu6050.o(.text)
    Write_MPU6050_SLAVE_REG                  0x08000c89   Thumb Code    28  mpu6050.o(.text)
    Write_MPU6050_SLAVE_CTRL                 0x08000ca5   Thumb Code    28  mpu6050.o(.text)
    MPU6050_Select_SLAVE                     0x08000cc1   Thumb Code   132  mpu6050.o(.text)
    Write_MPU6050_SLAVE_DO                   0x08000d45   Thumb Code    28  mpu6050.o(.text)
    Read_MPU6050_SLAVE_DI                    0x08000d61   Thumb Code    46  mpu6050.o(.text)
    Read_MPU6050_MST_STATUS                  0x08000d8f   Thumb Code    44  mpu6050.o(.text)
    Write_MPU6050_INT_PIN_CFG                0x08000dbb   Thumb Code    26  mpu6050.o(.text)
    Write_MPU6050_INT_ENABLE                 0x08000dd5   Thumb Code    26  mpu6050.o(.text)
    Read_MPU6050_INT_STATUS                  0x08000def   Thumb Code    44  mpu6050.o(.text)
    Read_MPU6050_ACCEL                       0x08000e1b   Thumb Code   284  mpu6050.o(.text)
    Read_MPU6050_TEMP                        0x08000f37   Thumb Code   144  mpu6050.o(.text)
    Read_MPU6050_GYRO                        0x08000fc7   Thumb Code   284  mpu6050.o(.text)
    Write_MPU6050_MST_DELAY_CTRL             0x080010e3   Thumb Code    26  mpu6050.o(.text)
    Write_SIGNAL_PATH_RESET                  0x080010fd   Thumb Code    26  mpu6050.o(.text)
    Write_MOT_DETECT_CTRL                    0x08001117   Thumb Code    70  mpu6050.o(.text)
    Write_USER_CTRL                          0x0800115d   Thumb Code    26  mpu6050.o(.text)
    Write_PWR_MGMT1                          0x08001177   Thumb Code    26  mpu6050.o(.text)
    Write_PWR_MGMT2                          0x08001191   Thumb Code    26  mpu6050.o(.text)
    Read_MPU6050_FIFO_COUNT                  0x080011ab   Thumb Code   110  mpu6050.o(.text)
    Read_MPU6050_FIFO                        0x08001219   Thumb Code    44  mpu6050.o(.text)
    Write_MPU6050_FIFO                       0x08001245   Thumb Code    26  mpu6050.o(.text)
    Read_MPU6050_ADDR                        0x0800125f   Thumb Code    44  mpu6050.o(.text)
    Read_MPU6050_Reg                         0x0800128b   Thumb Code    46  mpu6050.o(.text)
    Write_MPU6050_Reg                        0x080012b9   Thumb Code    26  mpu6050.o(.text)
    MPU6050_Init                             0x080012d3   Thumb Code    66  mpu6050.o(.text)
    MPU6050_Config                           0x08001315   Thumb Code   144  mpu6050.o(.text)
    XN297_WriteRegMore                       0x080013b1   Thumb Code    16  rf_xn297.o(.text)
    XN297_WriteRegOne                        0x080013c1   Thumb Code    20  rf_xn297.o(.text)
    XN297_WriteCmd                           0x080013d5   Thumb Code    16  rf_xn297.o(.text)
    XN297_RegInit                            0x080013e5   Thumb Code   432  rf_xn297.o(.text)
    EXTI4_15_IRQHandler                      0x08001595   Thumb Code    50  rf_xn297.o(.text)
    I2C_Init                                 0x0800165d   Thumb Code   188  i2cinquire.o(.text)
    I2C_IsNack                               0x08001719   Thumb Code    42  i2cinquire.o(.text)
    I2C_Transfer                             0x08001743   Thumb Code   310  i2cinquire.o(.text)
    I2C_Read                                 0x08001879   Thumb Code    52  i2cinquire.o(.text)
    I2C_Write                                0x080018ad   Thumb Code    40  i2cinquire.o(.text)
    __aeabi_memcpy                           0x080018e9   Thumb Code   130  rt_memcpy.o(.text)
    __rt_memcpy                              0x080018e9   Thumb Code     0  rt_memcpy.o(.text)
    __aeabi_uidiv                            0x0800196b   Thumb Code     0  aeabi_sdiv.o(.text)
    __aeabi_uidivmod                         0x0800196b   Thumb Code    20  aeabi_sdiv.o(.text)
    __aeabi_idiv                             0x0800197f   Thumb Code     0  aeabi_sdiv.o(.text)
    __aeabi_idivmod                          0x0800197f   Thumb Code   326  aeabi_sdiv.o(.text)
    __use_two_region_memory                  0x08001ac5   Thumb Code     2  heapauxi.o(.text)
    __rt_heap_escrow$2region                 0x08001ac7   Thumb Code     2  heapauxi.o(.text)
    __rt_heap_expand$2region                 0x08001ac9   Thumb Code     2  heapauxi.o(.text)
    __aeabi_d2f                              0x08001acd   Thumb Code     0  d2f.o(.text)
    _d2f                                     0x08001acd   Thumb Code   120  d2f.o(.text)
    __aeabi_dadd                             0x08001e3b   Thumb Code     0  daddsub.o(.text)
    _dadd                                    0x08001e3b   Thumb Code    22  daddsub.o(.text)
    __aeabi_dsub                             0x08001e51   Thumb Code     0  daddsub.o(.text)
    _dsub                                    0x08001e51   Thumb Code    22  daddsub.o(.text)
    __aeabi_drsub                            0x08001e67   Thumb Code     0  daddsub.o(.text)
    _drsb                                    0x08001e67   Thumb Code    24  daddsub.o(.text)
    __aeabi_ddiv                             0x08001e95   Thumb Code     0  ddiv.o(.text)
    _ddiv                                    0x08001e95   Thumb Code  1076  ddiv.o(.text)
    _drdiv                                   0x080022c9   Thumb Code    20  ddiv.o(.text)
    __aeabi_i2d_normalise                    0x080022e1   Thumb Code    66  dflti.o(.text)
    __aeabi_i2d                              0x08002323   Thumb Code    16  dflti.o(.text)
    _dflt                                    0x08002323   Thumb Code     0  dflti.o(.text)
    __aeabi_ui2d                             0x08002333   Thumb Code     6  dflti.o(.text)
    _dfltu                                   0x08002333   Thumb Code     0  dflti.o(.text)
    __aeabi_dmul                             0x08002339   Thumb Code     0  dmul.o(.text)
    _dmul                                    0x08002339   Thumb Code   578  dmul.o(.text)
    __aeabi_f2d                              0x08002591   Thumb Code     0  f2d.o(.text)
    _f2d                                     0x08002591   Thumb Code    82  f2d.o(.text)
    __aeabi_fdiv                             0x080025e9   Thumb Code     0  fdiv.o(.text)
    _fdiv                                    0x080025e9   Thumb Code   336  fdiv.o(.text)
    _frdiv                                   0x08002739   Thumb Code     8  fdiv.o(.text)
    __aeabi_f2uiz                            0x08002749   Thumb Code     0  ffixui.o(.text)
    _ffixu                                   0x08002749   Thumb Code    48  ffixui.o(.text)
    __aeabi_i2f_normalise                    0x08002779   Thumb Code    72  fflti.o(.text)
    __aeabi_i2f                              0x080027c1   Thumb Code    16  fflti.o(.text)
    _fflt                                    0x080027c1   Thumb Code     0  fflti.o(.text)
    __aeabi_ui2f                             0x080027d1   Thumb Code     6  fflti.o(.text)
    _ffltu                                   0x080027d1   Thumb Code     0  fflti.o(.text)
    __read_errno                             0x080027d7   Thumb Code    10  _rserrno.o(.text)
    __set_errno                              0x080027e1   Thumb Code    12  _rserrno.o(.text)
    __ARM_scalbn                             0x080027ed   Thumb Code    80  dscalbn.o(.text)
    __aeabi_errno_addr                       0x08002849   Thumb Code     8  rt_errno_addr_intlibspace.o(.text)
    __errno$intlibspace                      0x08002849   Thumb Code     0  rt_errno_addr_intlibspace.o(.text)
    __rt_errno_addr$intlibspace              0x08002849   Thumb Code     0  rt_errno_addr_intlibspace.o(.text)
    __fpl_dcmp_InfNaN                        0x08002851   Thumb Code   140  dcmpin.o(.text)
    _dsqrt                                   0x080028e1   Thumb Code   250  dsqrt.o(.text)
    __user_libspace                          0x080029e5   Thumb Code     8  libspace.o(.text)
    __user_perproc_libspace                  0x080029e5   Thumb Code     0  libspace.o(.text)
    __user_perthread_libspace                0x080029e5   Thumb Code     0  libspace.o(.text)
    __user_setup_stackheap                   0x080029ed   Thumb Code    62  sys_stackheap_outer.o(.text)
    exit                                     0x08002a2b   Thumb Code    12  exit.o(.text)
    __fpl_cmpreturn                          0x08002a39   Thumb Code    42  cmpret.o(.text)
    __fpl_dcheck_NaN2                        0x08002a69   Thumb Code    14  dnan2.o(.text)
    __fpl_return_NaN                         0x08002a7d   Thumb Code    94  retnan.o(.text)
    _sys_exit                                0x08002add   Thumb Code     8  sys_exit.o(.text)
    __I$use$semihosting                      0x08002ae9   Thumb Code     0  use_no_semi.o(.text)
    __use_no_semihosting_swi                 0x08002ae9   Thumb Code     2  use_no_semi.o(.text)
    __semihosting_library_function           0x08002aeb   Thumb Code     0  indicate_semi.o(.text)
    __ARM_fpclassify                         0x08002aed   Thumb Code    38  fpclassify.o(i.__ARM_fpclassify)
    __kernel_poly                            0x08002b19   Thumb Code   172  poly.o(i.__kernel_poly)
    __mathlib_dbl_underflow                  0x08002bc5   Thumb Code    14  dunder.o(i.__mathlib_dbl_underflow)
    pow                                      0x08002bd9   Thumb Code  2526  pow.o(i.pow)
    sqrt                                     0x080035c1   Thumb Code    66  sqrt.o(i.sqrt)
    __aeabi_cdrcmple                         0x08003609   Thumb Code     0  drlef.o(x$fpl$drleqf)
    _drcmple                                 0x08003609   Thumb Code   100  drlef.o(x$fpl$drleqf)
    __aeabi_fadd                             0x08003671   Thumb Code     0  faddsub.o(x$fpl$fadd)
    _fadd                                    0x08003671   Thumb Code   134  faddsub.o(x$fpl$fadd)
    __aeabi_fmul                             0x080036fd   Thumb Code     0  fmul.o(x$fpl$fmul)
    _fmul                                    0x080036fd   Thumb Code   172  fmul.o(x$fpl$fmul)
    __aeabi_fsub                             0x080037ad   Thumb Code     0  faddsub.o(x$fpl$fsub)
    _fsub                                    0x080037ad   Thumb Code   204  faddsub.o(x$fpl$fsub)
    XN297_RegAddrInitTable                   0x0800387c   Data          13  rf_xn297.o(.constdata)
    __I$use$fp                               0x0800387c   Number         0  usenofp.o(x$fpl$usenofp)
    XN297_RegValueInitTable                  0x08003889   Data          13  rf_xn297.o(.constdata)
    __mathlib_zero                           0x080039e0   Data           8  qnan.o(.constdata)
    Region$$Table$$Base                      0x080039e8   Number         0  anon$$obj.o(Region$$Table)
    Region$$Table$$Limit                     0x08003a08   Number         0  anon$$obj.o(Region$$Table)
    SYS_FactoryConfig                        0x20000000   Data           8  system.o(.data)
    SYS_SysTickMs                            0x20000008   Data           4  system.o(.data)
    SYS_WatchdogFlags                        0x2000000c   Data           4  system.o(.data)
    DisableIRQLevel                          0x20000010   Data           4  system.o(.data)
    SYS_LastIRQIntMask                       0x20000014   Data           4  system.o(.data)
    GYRO                                     0x20000018   Data           6  main.o(.data)
    ACCEL                                    0x2000001e   Data           6  main.o(.data)
    Status                                   0x20000024   Data           1  main.o(.data)
    MPU6050_Address                          0x20000025   Data           1  main.o(.data)
    FBM320ADValue                            0x20000028   Data           4  main.o(.data)
    FBMTemp                                  0x2000002c   Data           4  main.o(.data)
    ADC_Initialized                          0x20000030   Data           1  adc.o(.data)
    ADC_NextSampleNb                         0x20000034   Data           4  adc.o(.data)
    MPU6050_Status                           0x20000038   Data           1  mpu6050.o(.data)
    Sample_Rate                              0x20000039   Data           1  mpu6050.o(.data)
    ACCEL_XOUT                               0x2000003c   Data           4  mpu6050.o(.data)
    ACCEL_YOUT                               0x20000040   Data           4  mpu6050.o(.data)
    ACCEL_ZOUT                               0x20000044   Data           4  mpu6050.o(.data)
    TEMP_OUT                                 0x20000048   Data           4  mpu6050.o(.data)
    GYRO_XOUT                                0x2000004c   Data           4  mpu6050.o(.data)
    GYRO_YOUT                                0x20000050   Data           4  mpu6050.o(.data)
    GYRO_ZOUT                                0x20000054   Data           4  mpu6050.o(.data)
    XN297_Initialized                        0x20000058   Data           1  rf_xn297.o(.data)
    I2C_Initialized                          0x20000059   Data           1  i2cinquire.o(.data)
    ADC_Samples                              0x2000005c   Data          32  adc.o(.bss)
    XN297Receive_DataBuffer                  0x2000007c   Data          14  rf_xn297.o(.bss)
    __libspace_start                         0x2000008c   Data          96  libspace.o(.bss)
    __temporary_stack_top$libspace           0x200000ec   Data           0  libspace.o(.bss)



==============================================================================

Memory Map of the image

  Image Entry point : 0x080000c1

  Load Region LR_IROM1 (Base: 0x08000000, Size: 0x00003a64, Max: 0x00008000, ABSOLUTE)

    Execution Region ER_IROM1 (Base: 0x08000000, Size: 0x00003a08, Max: 0x00008000, ABSOLUTE)

    Base Addr    Size         Type   Attr      Idx    E Section Name        Object

    0x08000000   0x000000c0   Data   RO           58    RESET               startup_stm32f051.o
    0x080000c0   0x00000008   Code   RO          263  * !!!main             c_p.l(__main.o)
    0x080000c8   0x0000003c   Code   RO          506    !!!scatter          c_p.l(__scatter.o)
    0x08000104   0x0000001a   Code   RO          508    !!handler_copy      c_p.l(__scatter_copy.o)
    0x0800011e   0x00000002   PAD
    0x08000120   0x0000001c   Code   RO          510    !!handler_zi        c_p.l(__scatter_zi.o)
    0x0800013c   0x00000002   Code   RO          375    .ARM.Collect$$libinit$$00000000  c_p.l(libinit.o)
    0x0800013e   0x00000004   Code   RO          389    .ARM.Collect$$libinit$$00000001  c_p.l(libinit2.o)
    0x08000142   0x00000000   Code   RO          393    .ARM.Collect$$libinit$$00000008  c_p.l(libinit2.o)
    0x08000142   0x00000000   Code   RO          395    .ARM.Collect$$libinit$$0000000A  c_p.l(libinit2.o)
    0x08000142   0x00000000   Code   RO          397    .ARM.Collect$$libinit$$0000000C  c_p.l(libinit2.o)
    0x08000142   0x00000000   Code   RO          400    .ARM.Collect$$libinit$$0000000F  c_p.l(libinit2.o)
    0x08000142   0x00000000   Code   RO          402    .ARM.Collect$$libinit$$00000011  c_p.l(libinit2.o)
    0x08000142   0x00000000   Code   RO          404    .ARM.Collect$$libinit$$00000013  c_p.l(libinit2.o)
    0x08000142   0x00000000   Code   RO          406    .ARM.Collect$$libinit$$00000015  c_p.l(libinit2.o)
    0x08000142   0x00000000   Code   RO          408    .ARM.Collect$$libinit$$00000017  c_p.l(libinit2.o)
    0x08000142   0x00000000   Code   RO          410    .ARM.Collect$$libinit$$00000019  c_p.l(libinit2.o)
    0x08000142   0x00000000   Code   RO          412    .ARM.Collect$$libinit$$0000001B  c_p.l(libinit2.o)
    0x08000142   0x00000000   Code   RO          414    .ARM.Collect$$libinit$$0000001D  c_p.l(libinit2.o)
    0x08000142   0x00000000   Code   RO          416    .ARM.Collect$$libinit$$0000001F  c_p.l(libinit2.o)
    0x08000142   0x00000000   Code   RO          418    .ARM.Collect$$libinit$$00000021  c_p.l(libinit2.o)
    0x08000142   0x00000000   Code   RO          420    .ARM.Collect$$libinit$$00000023  c_p.l(libinit2.o)
    0x08000142   0x00000000   Code   RO          424    .ARM.Collect$$libinit$$0000002A  c_p.l(libinit2.o)
    0x08000142   0x00000000   Code   RO          426    .ARM.Collect$$libinit$$0000002C  c_p.l(libinit2.o)
    0x08000142   0x00000000   Code   RO          428    .ARM.Collect$$libinit$$0000002E  c_p.l(libinit2.o)
    0x08000142   0x00000000   Code   RO          430    .ARM.Collect$$libinit$$00000030  c_p.l(libinit2.o)
    0x08000142   0x00000002   Code   RO          431    .ARM.Collect$$libinit$$00000031  c_p.l(libinit2.o)
    0x08000144   0x00000002   Code   RO          464    .ARM.Collect$$libshutdown$$00000000  c_p.l(libshutdown.o)
    0x08000146   0x00000000   Code   RO          491    .ARM.Collect$$libshutdown$$00000003  c_p.l(libshutdown2.o)
    0x08000146   0x00000000   Code   RO          494    .ARM.Collect$$libshutdown$$00000006  c_p.l(libshutdown2.o)
    0x08000146   0x00000000   Code   RO          497    .ARM.Collect$$libshutdown$$00000009  c_p.l(libshutdown2.o)
    0x08000146   0x00000000   Code   RO          499    .ARM.Collect$$libshutdown$$0000000B  c_p.l(libshutdown2.o)
    0x08000146   0x00000000   Code   RO          502    .ARM.Collect$$libshutdown$$0000000E  c_p.l(libshutdown2.o)
    0x08000146   0x00000002   Code   RO          503    .ARM.Collect$$libshutdown$$0000000F  c_p.l(libshutdown2.o)
    0x08000148   0x00000000   Code   RO          303    .ARM.Collect$$rtentry$$00000000  c_p.l(rtentry.o)
    0x08000148   0x00000000   Code   RO          331    .ARM.Collect$$rtentry$$00000002  c_p.l(rtentry2.o)
    0x08000148   0x00000006   Code   RO          343    .ARM.Collect$$rtentry$$00000004  c_p.l(rtentry4.o)
    0x0800014e   0x00000000   Code   RO          333    .ARM.Collect$$rtentry$$00000009  c_p.l(rtentry2.o)
    0x0800014e   0x00000004   Code   RO          334    .ARM.Collect$$rtentry$$0000000A  c_p.l(rtentry2.o)
    0x08000152   0x00000000   Code   RO          336    .ARM.Collect$$rtentry$$0000000C  c_p.l(rtentry2.o)
    0x08000152   0x00000008   Code   RO          337    .ARM.Collect$$rtentry$$0000000D  c_p.l(rtentry2.o)
    0x0800015a   0x00000002   Code   RO          381    .ARM.Collect$$rtexit$$00000000  c_p.l(rtexit.o)
    0x0800015c   0x00000000   Code   RO          437    .ARM.Collect$$rtexit$$00000002  c_p.l(rtexit2.o)
    0x0800015c   0x00000004   Code   RO          438    .ARM.Collect$$rtexit$$00000003  c_p.l(rtexit2.o)
    0x08000160   0x00000006   Code   RO          439    .ARM.Collect$$rtexit$$00000004  c_p.l(rtexit2.o)
    0x08000166   0x00000002   PAD
    0x08000168   0x00000038   Code   RO          253    .emb_text           c_p.l(rt_memcpy.o)
    0x080001a0   0x000002b8   Code   RO            3    .text               system.o
    0x08000458   0x00000038   Code   RO           59    .text               startup_stm32f051.o
    0x08000490   0x000000c4   Code   RO           65    .text               main.o
    0x08000554   0x00000210   Code   RO          107    .text               spi.o
    0x08000764   0x000001c8   Code   RO          127    .text               adc.o
    0x0800092c   0x00000a84   Code   RO          151    .text               mpu6050.o
    0x080013b0   0x000002ac   Code   RO          178    .text               rf_xn297.o
    0x0800165c   0x0000028c   Code   RO          224    .text               i2cinquire.o
    0x080018e8   0x00000082   Code   RO          254    .text               c_p.l(rt_memcpy.o)
    0x0800196a   0x0000015a   Code   RO          257    .text               c_p.l(aeabi_sdiv.o)
    0x08001ac4   0x00000006   Code   RO          261    .text               c_p.l(heapauxi.o)
    0x08001aca   0x00000002   PAD
    0x08001acc   0x0000007c   Code   RO          265    .text               fz_ps.l(d2f.o)
    0x08001b48   0x0000034c   Code   RO          267    .text               fz_ps.l(daddsub.o)
    0x08001e94   0x0000044c   Code   RO          269    .text               fz_ps.l(ddiv.o)
    0x080022e0   0x00000058   Code   RO          272    .text               fz_ps.l(dflti.o)
    0x08002338   0x00000258   Code   RO          274    .text               fz_ps.l(dmul.o)
    0x08002590   0x00000058   Code   RO          276    .text               fz_ps.l(f2d.o)
    0x080025e8   0x00000160   Code   RO          284    .text               fz_ps.l(fdiv.o)
    0x08002748   0x00000030   Code   RO          287    .text               fz_ps.l(ffixui.o)
    0x08002778   0x0000005e   Code   RO          289    .text               fz_ps.l(fflti.o)
    0x080027d6   0x00000016   Code   RO          308    .text               c_p.l(_rserrno.o)
    0x080027ec   0x0000005c   Code   RO          312    .text               fz_ps.l(dscalbn.o)
    0x08002848   0x00000008   Code   RO          350    .text               c_p.l(rt_errno_addr_intlibspace.o)
    0x08002850   0x00000090   Code   RO          352    .text               fz_ps.l(dcmpin.o)
    0x080028e0   0x00000104   Code   RO          356    .text               fz_ps.l(dsqrt.o)
    0x080029e4   0x00000008   Code   RO          358    .text               c_p.l(libspace.o)
    0x080029ec   0x0000003e   Code   RO          361    .text               c_p.l(sys_stackheap_outer.o)
    0x08002a2a   0x0000000c   Code   RO          364    .text               c_p.l(exit.o)
    0x08002a36   0x00000002   PAD
    0x08002a38   0x00000030   Code   RO          376    .text               fz_ps.l(cmpret.o)
    0x08002a68   0x00000014   Code   RO          378    .text               fz_ps.l(dnan2.o)
    0x08002a7c   0x0000005e   Code   RO          432    .text               fz_ps.l(retnan.o)
    0x08002ada   0x00000002   PAD
    0x08002adc   0x0000000c   Code   RO          434    .text               c_p.l(sys_exit.o)
    0x08002ae8   0x00000002   Code   RO          453    .text               c_p.l(use_no_semi.o)
    0x08002aea   0x00000000   Code   RO          455    .text               c_p.l(indicate_semi.o)
    0x08002aea   0x00000002   PAD
    0x08002aec   0x0000002c   Code   RO          317    i.__ARM_fpclassify  m_ps.l(fpclassify.o)
    0x08002b18   0x000000ac   Code   RO          319    i.__kernel_poly     m_ps.l(poly.o)
    0x08002bc4   0x00000014   Code   RO          315    i.__mathlib_dbl_underflow  m_ps.l(dunder.o)
    0x08002bd8   0x000009e8   Code   RO          294    i.pow               m_ps.l(pow.o)
    0x080035c0   0x00000048   Code   RO          323    i.sqrt              m_ps.l(sqrt.o)
    0x08003608   0x00000068   Code   RO          310    x$fpl$drleqf        fz_ps.l(drlef.o)
    0x08003670   0x0000008c   Code   RO          278    x$fpl$fadd          fz_ps.l(faddsub.o)
    0x080036fc   0x000000b0   Code   RO          291    x$fpl$fmul          fz_ps.l(fmul.o)
    0x080037ac   0x000000d0   Code   RO          280    x$fpl$fsub          fz_ps.l(faddsub.o)
    0x0800387c   0x00000000   Code   RO          314    x$fpl$usenofp       fz_ps.l(usenofp.o)
    0x0800387c   0x0000001a   Data   RO          180    .constdata          rf_xn297.o
    0x08003896   0x00000080   Data   RO          270    .constdata          fz_ps.l(ddiv.o)
    0x08003916   0x00000040   Data   RO          285    .constdata          fz_ps.l(fdiv.o)
    0x08003956   0x00000002   PAD
    0x08003958   0x00000088   Data   RO          295    .constdata          m_ps.l(pow.o)
    0x080039e0   0x00000008   Data   RO          321    .constdata          m_ps.l(qnan.o)
    0x080039e8   0x00000020   Data   RO          504    Region$$Table       anon$$obj.o


    Execution Region RW_IRAM1 (Base: 0x20000000, Size: 0x000006f0, Max: 0x00001000, ABSOLUTE)

    Base Addr    Size         Type   Attr      Idx    E Section Name        Object

    0x20000000   0x00000018   Data   RW            4    .data               system.o
    0x20000018   0x00000018   Data   RW           66    .data               main.o
    0x20000030   0x00000008   Data   RW          129    .data               adc.o
    0x20000038   0x00000020   Data   RW          152    .data               mpu6050.o
    0x20000058   0x00000001   Data   RW          181    .data               rf_xn297.o
    0x20000059   0x00000001   Data   RW          225    .data               i2cinquire.o
    0x2000005a   0x00000002   PAD
    0x2000005c   0x00000020   Zero   RW          128    .bss                adc.o
    0x2000007c   0x0000000e   Zero   RW          179    .bss                rf_xn297.o
    0x2000008a   0x00000002   PAD
    0x2000008c   0x00000060   Zero   RW          359    .bss                c_p.l(libspace.o)
    0x200000ec   0x00000004   PAD
    0x200000f0   0x00000200   Zero   RW           57    HEAP                startup_stm32f051.o
    0x200002f0   0x00000400   Zero   RW           56    STACK               startup_stm32f051.o


==============================================================================

Image component sizes


      Code (inc. data)   RO Data    RW Data    ZI Data      Debug   Object Name

       456         30          0          8         32       1538   adc.o
       652         20          0          1          0       2256   i2cinquire.o
       196         26          0         24          0       1360   main.o
      2692         96          0         32          0       9966   mpu6050.o
       684         40         26          1         14       2604   rf_xn297.o
       528         20          0          0          0       1439   spi.o
        56         26        192          0       1536        544   startup_stm32f051.o
       696         68          0         24          0     156833   system.o

    ----------------------------------------------------------------------
      5960        326        250         92       1584     176540   Object Totals
         0          0         32          0          0          0   (incl. Generated)
         0          0          0          2          2          0   (incl. Padding)

    ----------------------------------------------------------------------

      Code (inc. data)   RO Data    RW Data    ZI Data      Debug   Library Member Name

         8          0          0          0          0         68   __main.o
        60          8          0          0          0          0   __scatter.o
        26          0          0          0          0          0   __scatter_copy.o
        28          0          0          0          0          0   __scatter_zi.o
        22          0          0          0          0         92   _rserrno.o
       346          0          0          0          0         92   aeabi_sdiv.o
        12          0          0          0          0         64   exit.o
         6          0          0          0          0        136   heapauxi.o
         0          0          0          0          0          0   indicate_semi.o
         2          0          0          0          0          0   libinit.o
         6          0          0          0          0          0   libinit2.o
         2          0          0          0          0          0   libshutdown.o
         2          0          0          0          0          0   libshutdown2.o
         8          4          0          0         96         68   libspace.o
         8          4          0          0          0         68   rt_errno_addr_intlibspace.o
       186          0          0          0          0        144   rt_memcpy.o
         0          0          0          0          0          0   rtentry.o
        12          0          0          0          0          0   rtentry2.o
         6          0          0          0          0          0   rtentry4.o
         2          0          0          0          0          0   rtexit.o
        10          0          0          0          0          0   rtexit2.o
        12          4          0          0          0         60   sys_exit.o
        62          0          0          0          0         80   sys_stackheap_outer.o
         2          0          0          0          0         68   use_no_semi.o
        48          6          0          0          0         60   cmpret.o
       124          4          0          0          0         72   d2f.o
       844         22          0          0          0        228   daddsub.o
       144          4          0          0          0         76   dcmpin.o
      1100         28        128          0          0        116   ddiv.o
        88          0          0          0          0         92   dflti.o
       600         22          0          0          0         84   dmul.o
        20          6          0          0          0         68   dnan2.o
       104          4          0          0          0        104   drlef.o
        92         12          0          0          0         72   dscalbn.o
       260         10          0          0          0         76   dsqrt.o
        88          6          0          0          0         60   f2d.o
       348          8          0          0          0        160   faddsub.o
       352          8         64          0          0         88   fdiv.o
        48          0          0          0          0         60   ffixui.o
        94          0          0          0          0         92   fflti.o
       176          4          0          0          0         80   fmul.o
        94          0          0          0          0         68   retnan.o
         0          0          0          0          0          0   usenofp.o
        20          6          0          0          0         68   dunder.o
        44          6          0          0          0         60   fpclassify.o
       172          0          0          0          0         76   poly.o
      2536        224        136          0          0        216   pow.o
         0          0          8          0          0          0   qnan.o
        72          6          0          0          0         76   sqrt.o

    ----------------------------------------------------------------------
      8308        406        338          0        100       3092   Library Totals
        12          0          2          0          4          0   (incl. Padding)

    ----------------------------------------------------------------------

      Code (inc. data)   RO Data    RW Data    ZI Data      Debug   Library Name

       828         20          0          0         96        940   c_p.l
      4624        144        192          0          0       1656   fz_ps.l
      2844        242        144          0          0        496   m_ps.l

    ----------------------------------------------------------------------
      8308        406        338          0        100       3092   Library Totals

    ----------------------------------------------------------------------

==============================================================================


      Code (inc. data)   RO Data    RW Data    ZI Data      Debug   

     14268        732        588         92       1684     177476   Grand Totals
     14268        732        588         92       1684     177476   ELF Image Totals
     14268        732        588         92          0          0   ROM Totals

==============================================================================

    Total RO  Size (Code + RO Data)                14856 (  14.51kB)
    Total RW  Size (RW Data + ZI Data)              1776 (   1.73kB)
    Total ROM Size (Code + RO Data + RW Data)      14948 (  14.60kB)

==============================================================================

